
 .d88888b.
d88P" "Y88b
888     888
888     888 888  888  8888b.  .d8888b   8888b.  888d888
888     888 888  888     "88b 88K          "88b 888P"
888 Y8b 888 888  888 .d888888 "Y8888b. .d888888 888
Y88b.Y8b88P Y88b 888 888  888      X88 888  888 888
 "Y888888"   "Y88888 "Y888888  88888P' "Y888888 888
       Y8b


 Build mode............. spa
 Pkg quasar............. v2.18.6
 Pkg @quasar/app-vite... v2.4.0
 Pkg vite............... v7.3.1
 Debugging.............. no
 Publishing............. no

 App ÔÇó Using quasar.config.js in "esm" format
 App ÔÇó  WAIT  ÔÇó Compiling of SPA UI with Vite in progress...
 App ÔÇó  DONE  ÔÇó SPA UI compiled with success by Vite ÔÇó 2553ms

 Build summary with important files:
 ÔòöÔòÉÔòÉÔòÉÔòÉÔòÉÔòÉÔòÉÔòÉÔòÉÔòÉÔòÉÔòÉÔòÉÔòÉÔòÉÔòÉÔòÉÔòÉÔòÉÔòÉÔòÉÔòÉÔòÉÔòÉÔòÉÔòÉÔòÉÔòÉÔòÉÔòÉÔòÉÔòÉÔòÉÔòÉÔòÉÔòÉÔòÉÔòÉÔòÉÔòÉÔòÉÔòÉÔòÉÔòÉÔòÉÔòÉÔòªÔòÉÔòÉÔòÉÔòÉÔòÉÔòÉÔòÉÔòÉÔòÉÔòÉÔòÉÔòÉÔòÉÔòÉÔòªÔòÉÔòÉÔòÉÔòÉÔòÉÔòÉÔòÉÔòÉÔòÉÔòÉÔòÉÔòÉÔòÉÔòÉÔòù
 Ôòæ                                        Asset Ôòæ         Size Ôòæ      Gzipped Ôòæ
 ÔòƒÔöÇÔöÇÔöÇÔöÇÔöÇÔöÇÔöÇÔöÇÔöÇÔöÇÔöÇÔöÇÔöÇÔöÇÔöÇÔöÇÔöÇÔöÇÔöÇÔöÇÔöÇÔöÇÔöÇÔöÇÔöÇÔöÇÔöÇÔöÇÔöÇÔöÇÔöÇÔöÇÔöÇÔöÇÔöÇÔöÇÔöÇÔöÇÔöÇÔöÇÔöÇÔöÇÔöÇÔöÇÔöÇÔöÇÔò½ÔöÇÔöÇÔöÇÔöÇÔöÇÔöÇÔöÇÔöÇÔöÇÔöÇÔöÇÔöÇÔöÇÔöÇÔò½ÔöÇÔöÇÔöÇÔöÇÔöÇÔöÇÔöÇÔöÇÔöÇÔöÇÔöÇÔöÇÔöÇÔöÇÔòó
 Ôòæ             assets/ErrorNotFound-BK5FDYTc.js Ôòæ      0.50 KB Ôòæ      0.36 KB Ôòæ
 Ôòæ                     assets/index-CnwX378f.js Ôòæ    196.07 KB Ôòæ     70.57 KB Ôòæ
 Ôòæ                     assets/index-WJtCL521.js Ôòæ     38.42 KB Ôòæ     15.50 KB Ôòæ
 Ôòæ                 assets/IndexPage-DO8Uu-yp.js Ôòæ     73.95 KB Ôòæ     24.45 KB Ôòæ
 Ôòæ                 assets/LoginPage-HrrCyuLg.js Ôòæ      2.39 KB Ôòæ      1.17 KB Ôòæ
 Ôòæ                assets/MainLayout-Cjsy30uz.js Ôòæ      5.92 KB Ôòæ      2.50 KB Ôòæ
 Ôòæ                   assets/QLayout-C1EhbtAS.js Ôòæ      6.35 KB Ôòæ      2.65 KB Ôòæ
 Ôòæ                    assets/QSpace-Cvw84hY5.js Ôòæ      0.14 KB Ôòæ      0.14 KB Ôòæ
 Ôòæ assets/_plugin-vue_export-helper-CAHKK2fl.js Ôòæ      0.16 KB Ôòæ      0.15 KB Ôòæ
 ÔòƒÔöÇÔöÇÔöÇÔöÇÔöÇÔöÇÔöÇÔöÇÔöÇÔöÇÔöÇÔöÇÔöÇÔöÇÔöÇÔöÇÔöÇÔöÇÔöÇÔöÇÔöÇÔöÇÔöÇÔöÇÔöÇÔöÇÔöÇÔöÇÔöÇÔöÇÔöÇÔöÇÔöÇÔöÇÔöÇÔöÇÔöÇÔöÇÔöÇÔöÇÔöÇÔöÇÔöÇÔöÇÔöÇÔöÇÔò½ÔöÇÔöÇÔöÇÔöÇÔöÇÔöÇÔöÇÔöÇÔöÇÔöÇÔöÇÔöÇÔöÇÔöÇÔò½ÔöÇÔöÇÔöÇÔöÇÔöÇÔöÇÔöÇÔöÇÔöÇÔöÇÔöÇÔöÇÔöÇÔöÇÔòó
 Ôòæ                    assets/index-BQveqNql.css Ôòæ    195.42 KB Ôòæ     34.54 KB Ôòæ
 Ôòæ                assets/IndexPage-BicTh5px.css Ôòæ      0.66 KB Ôòæ      0.38 KB Ôòæ
 Ôòæ                assets/LoginPage-VS-fwV9b.css Ôòæ      0.12 KB Ôòæ      0.12 KB Ôòæ
 Ôòæ               assets/MainLayout-BHx4updK.css Ôòæ      0.13 KB Ôòæ      0.11 KB Ôòæ
 ÔòƒÔöÇÔöÇÔöÇÔöÇÔöÇÔöÇÔöÇÔöÇÔöÇÔöÇÔöÇÔöÇÔöÇÔöÇÔöÇÔöÇÔöÇÔöÇÔöÇÔöÇÔöÇÔöÇÔöÇÔöÇÔöÇÔöÇÔöÇÔöÇÔöÇÔöÇÔöÇÔöÇÔöÇÔöÇÔöÇÔöÇÔöÇÔöÇÔöÇÔöÇÔöÇÔöÇÔöÇÔöÇÔöÇÔöÇÔò½ÔöÇÔöÇÔöÇÔöÇÔöÇÔöÇÔöÇÔöÇÔöÇÔöÇÔöÇÔöÇÔöÇÔöÇÔò½ÔöÇÔöÇÔöÇÔöÇÔöÇÔöÇÔöÇÔöÇÔöÇÔöÇÔöÇÔöÇÔöÇÔöÇÔòó
 Ôòæ                                   index.html Ôòæ      0.84 KB Ôòæ            - Ôòæ
 ÔòáÔòÉÔòÉÔòÉÔòÉÔòÉÔòÉÔòÉÔòÉÔòÉÔòÉÔòÉÔòÉÔòÉÔòÉÔòÉÔòÉÔòÉÔòÉÔòÉÔòÉÔòÉÔòÉÔòÉÔòÉÔòÉÔòÉÔòÉÔòÉÔòÉÔòÉÔòÉÔòÉÔòÉÔòÉÔòÉÔòÉÔòÉÔòÉÔòÉÔòÉÔòÉÔòÉÔòÉÔòÉÔòÉÔòÉÔò¼ÔòÉÔòÉÔòÉÔòÉÔòÉÔòÉÔòÉÔòÉÔòÉÔòÉÔòÉÔòÉÔòÉÔòÉÔò¼ÔòÉÔòÉÔòÉÔòÉÔòÉÔòÉÔòÉÔòÉÔòÉÔòÉÔòÉÔòÉÔòÉÔòÉÔòú
 Ôòæ                           Total JS (9 files) Ôòæ    323.90 KB Ôòæ            - Ôòæ
 Ôòæ                          Total CSS (4 files) Ôòæ    196.32 KB Ôòæ            - Ôòæ
 ÔòÜÔòÉÔòÉÔòÉÔòÉÔòÉÔòÉÔòÉÔòÉÔòÉÔòÉÔòÉÔòÉÔòÉÔòÉÔòÉÔòÉÔòÉÔòÉÔòÉÔòÉÔòÉÔòÉÔòÉÔòÉÔòÉÔòÉÔòÉÔòÉÔòÉÔòÉÔòÉÔòÉÔòÉÔòÉÔòÉÔòÉÔòÉÔòÉÔòÉÔòÉÔòÉÔòÉÔòÉÔòÉÔòÉÔòÉÔò®ÔòÉÔòÉÔòÉÔòÉÔòÉÔòÉÔòÉÔòÉÔòÉÔòÉÔòÉÔòÉÔòÉÔòÉÔò®ÔòÉÔòÉÔòÉÔòÉÔòÉÔòÉÔòÉÔòÉÔòÉÔòÉÔòÉÔòÉÔòÉÔòÉÔòØ

 Build succeeded

 Build mode............. spa
 Pkg quasar............. v2.18.6
 Pkg @quasar/app-vite... v2.4.0
 Pkg vite............... v7.3.1
 Debugging.............. no
 Publishing............. no
 Browser target......... es2022|firefox115|chrome115|safari14
 =======================
 Output folder.......... C:\Users\Angel\Desktop\knighttech\sapro-system\dist\spa

 Tip: Built files are meant to be served over an HTTP server
      Opening index.html over file:// won't work

 Tip: You can use "$ quasar serve" command to create a web server,
      both for testing or production. Type "$ quasar serve -h" for
      parameters. Also, an npm script (usually named "start") can
      be added for deployment environments.
      If you're using Vue Router "history" mode, don't forget to
      specify the "--history" parameter: "$ quasar serve --history"

